Last login: Tue Jul 15 23:03:45 on ttys007
salmanmahmood@MacBookPro ~ % cd /Users/salmanmahmood/Downloads/MaintenanceTracker-1/apps/mobile
salmanmahmood@MacBookPro mobile % npm install -g @expo/cli
npm warn deprecated inflight@1.0.6: This module is not supported, and leaks memory. Do not use it. Check out lru-cache if you want a good and tested way to coalesce async requests by a key value, which is much more comprehensive and powerful.
npm warn deprecated rimraf@3.0.2: Rimraf versions prior to v4 are no longer supported
npm warn deprecated glob@7.2.3: Glob versions prior to v9 are no longer supported

changed 354 packages in 6s

52 packages are looking for funding
  run `npm fund` for details
salmanmahmood@MacBookPro mobile % npm install --legacy-peer-deps
npm warn deprecated @types/react-native@0.73.0: This is a stub types definition. react-native provides its own type definitions, so you do not need this installed.
npm warn deprecated osenv@0.1.5: This package is no longer supported.
npm warn deprecated inflight@1.0.6: This module is not supported, and leaks memory. Do not use it. Check out lru-cache if you want a good and tested way to coalesce async requests by a key value, which is much more comprehensive and powerful.
npm warn deprecated @babel/plugin-proposal-optional-catch-binding@7.18.6: This proposal has been merged to the ECMAScript standard and thus this plugin is no longer maintained. Please use @babel/plugin-transform-optional-catch-binding instead.
npm warn deprecated @babel/plugin-proposal-numeric-separator@7.18.6: This proposal has been merged to the ECMAScript standard and thus this plugin is no longer maintained. Please use @babel/plugin-transform-numeric-separator instead.
npm warn deprecated @babel/plugin-proposal-nullish-coalescing-operator@7.18.6: This proposal has been merged to the ECMAScript standard and thus this plugin is no longer maintained. Please use @babel/plugin-transform-nullish-coalescing-operator instead.
npm warn deprecated @babel/plugin-proposal-class-properties@7.18.6: This proposal has been merged to the ECMAScript standard and thus this plugin is no longer maintained. Please use @babel/plugin-transform-class-properties instead.
npm warn deprecated @babel/plugin-proposal-logical-assignment-operators@7.20.7: This proposal has been merged to the ECMAScript standard and thus this plugin is no longer maintained. Please use @babel/plugin-transform-logical-assignment-operators instead.
npm warn deprecated rimraf@2.6.3: Rimraf versions prior to v4 are no longer supported
npm warn deprecated @babel/plugin-proposal-optional-chaining@7.21.0: This proposal has been merged to the ECMAScript standard and thus this plugin is no longer maintained. Please use @babel/plugin-transform-optional-chaining instead.
npm warn deprecated @babel/plugin-proposal-async-generator-functions@7.20.7: This proposal has been merged to the ECMAScript standard and thus this plugin is no longer maintained. Please use @babel/plugin-transform-async-generator-functions instead.
npm warn deprecated rimraf@3.0.2: Rimraf versions prior to v4 are no longer supported
npm warn deprecated glob@7.2.3: Glob versions prior to v9 are no longer supported
npm warn deprecated querystring@0.2.1: The querystring API is considered Legacy. new code should use the URLSearchParams API instead.
npm warn deprecated sudo-prompt@9.2.1: Package no longer supported. Contact Support at https://www.npmjs.com/support for more info.
npm warn deprecated @babel/plugin-proposal-object-rest-spread@7.20.7: This proposal has been merged to the ECMAScript standard and thus this plugin is no longer maintained. Please use @babel/plugin-transform-object-rest-spread instead.
npm warn deprecated glob@7.1.6: Glob versions prior to v9 are no longer supported
npm warn deprecated glob@7.1.6: Glob versions prior to v9 are no longer supported
npm warn deprecated glob@7.1.6: Glob versions prior to v9 are no longer supported
npm warn deprecated @xmldom/xmldom@0.7.13: this version is no longer supported, please update to at least 0.8.*

added 1126 packages, and audited 1127 packages in 17s

151 packages are looking for funding
  run `npm fund` for details

3 low severity vulnerabilities

To address all issues (including breaking changes), run:
  npm audit fix --force

Run `npm audit` for details.
salmanmahmood@MacBookPro mobile % npx expo start
Starting project at /Users/salmanmahmood/Downloads/MaintenanceTracker-1/apps/mobile
Starting Metro Bundler
The following packages should be updated for best compatibility with the installed expo version:
  expo-image-picker@15.0.7 - expected version: ~15.1.0
  typescript@5.8.3 - expected version: ~5.3.3
Your project may not work correctly until you install the expected versions of the packages.
▄▄▄▄▄▄▄▄▄▄▄▄▄▄▄▄▄▄▄▄▄▄▄▄▄▄▄
█ ▄▄▄▄▄ █▄▄▄ ▀ ██ █ ▄▄▄▄▄ █
█ █   █ ██▄▀ █  ▄▄█ █   █ █
█ █▄▄▄█ ██▀▄ ▄▀██▀█ █▄▄▄█ █
█▄▄▄▄▄▄▄█ ▀▄█ ▀▄▀ █▄▄▄▄▄▄▄█
█ ▄▀▄▄█▄▀▀▄▀█▄▀█▀ █▄█▀█▀▀▄█
██ ▄▀█▄▄▀█▄██▄▄▄▄ ▀███▄▀▀ █
█▀█▀▀▀ ▄▄▀▄ █▀█▄ █ ▄▀▀█▀ ██
█ ▄ ▄▀ ▄▄█▀██▀▄▀ ▄▀ ██▄▀  █
█▄█▄██▄▄▄ █  ▄▄ █ ▄▄▄  ▄▀▄█
█ ▄▄▄▄▄ ██ ▄▀▄  █ █▄█ ███ █
█ █   █ █ ▀▀▄ ▀█▄ ▄  ▄ █▀▀█
█ █▄▄▄█ █▀ █ ▀█▄ ▄█▀▀▄█   █
█▄▄▄▄▄▄▄█▄▄█▄██▄▄▄▄█▄▄███▄█

› Metro waiting on exp://192.168.1.153:8081
› Scan the QR code above with Expo Go (Android) or the Camera app (iOS)

› Web is waiting on http://localhost:8081

› Using Expo Go
› Press s │ switch to development build

› Press a │ open Android
› Press i │ open iOS simulator
› Press w │ open web

› Press j │ open debugger
› Press r │ reload app
› Press m │ toggle menu
› Press o │ open project code in your editor

› Press ? │ show all commands

Logs for your project will appear below. Press Ctrl+C to exit.
node:events:495
      throw er; // Unhandled 'error' event
      ^

Error: EMFILE: too many open files, watch
    at FSEvent.FSWatcher._handle.onchange (node:internal/fs/watchers:207:21)
Emitted 'error' event on NodeWatcher instance at:
    at FSWatcher._checkedEmitError (/Users/salmanmahmood/Downloads/MaintenanceTracker-1/apps/mobile/node_modules/metro-file-map/src/watchers/NodeWatcher.js:82:12)
    at FSWatcher.emit (node:events:517:28)
    at FSEvent.FSWatcher._handle.onchange (node:internal/fs/watchers:213:12) {
  errno: -24,
  syscall: 'watch',
  code: 'EMFILE',
  filename: null
}

Node.js v18.20.6
salmanmahmood@MacBookPro mobile % # Fix the file limit issue
ulimit -n 65536

# Restart Expo
npx expo start
zsh: command not found: #
zsh: command not found: #
Starting project at /Users/salmanmahmood/Downloads/MaintenanceTracker-1/apps/mobile
Starting Metro Bundler
The following packages should be updated for best compatibility with the installed expo version:
  expo-image-picker@15.0.7 - expected version: ~15.1.0
  typescript@5.8.3 - expected version: ~5.3.3
Your project may not work correctly until you install the expected versions of the packages.
▄▄▄▄▄▄▄▄▄▄▄▄▄▄▄▄▄▄▄▄▄▄▄▄▄▄▄
█ ▄▄▄▄▄ █▄▄▄ ▀ ██ █ ▄▄▄▄▄ █
█ █   █ ██▄▀ █  ▄▄█ █   █ █
█ █▄▄▄█ ██▀▄ ▄▀██▀█ █▄▄▄█ █
█▄▄▄▄▄▄▄█ ▀▄█ ▀▄▀ █▄▄▄▄▄▄▄█
█ ▄▀▄▄█▄▀▀▄▀█▄▀█▀ █▄█▀█▀▀▄█
██ ▄▀█▄▄▀█▄██▄▄▄▄ ▀███▄▀▀ █
█▀█▀▀▀ ▄▄▀▄ █▀█▄ █ ▄▀▀█▀ ██
█ ▄ ▄▀ ▄▄█▀██▀▄▀ ▄▀ ██▄▀  █
█▄█▄██▄▄▄ █  ▄▄ █ ▄▄▄  ▄▀▄█
█ ▄▄▄▄▄ ██ ▄▀▄  █ █▄█ ███ █
█ █   █ █ ▀▀▄ ▀█▄ ▄  ▄ █▀▀█
█ █▄▄▄█ █▀ █ ▀█▄ ▄█▀▀▄█   █
█▄▄▄▄▄▄▄█▄▄█▄██▄▄▄▄█▄▄███▄█

› Metro waiting on exp://192.168.1.153:8081
› Scan the QR code above with Expo Go (Android) or the Camera app (iOS)

› Web is waiting on http://localhost:8081

› Using Expo Go
› Press s │ switch to development build

› Press a │ open Android
› Press i │ open iOS simulator
› Press w │ open web

› Press j │ open debugger
› Press r │ reload app
› Press m │ toggle menu
› Press o │ open project code in your editor

› Press ? │ show all commands

Logs for your project will appear below. Press Ctrl+C to exit.
Error: EMFILE: too many open files, watch
    at FSEvent.FSWatcher._handle.onchange (node:internal/fs/watchers:207:21)
salmanmahmood@MacBookPro mobile % >....                                         
› Scan the QR code above with Expo Go (Android) or the Camera app (iOS)

› Web is waiting on http://localhost:8081

› Using Expo Go
› Press s │ switch to development build

› Press a │ open Android
› Press i │ open iOS simulator
› Press w │ open web

› Press j │ open debugger
› Press r │ reload app
› Press m │ toggle menu
› Press o │ open project code in your editor

› Press ? │ show all commands

Logs for your project will appear below. Press Ctrl+C to exit.
Error: EMFILE: too many open files, watch
    at FSEvent.FSWatcher._handle.onchange (node:internal/fs/watchers:207:21)
salmanmahmood@MacBookPro mobile %

salmanmahmood@MacBookPro mobile % ulimit -n 65536
salmanmahmood@MacBookPro mobile % npx expo start
Starting project at /Users/salmanmahmood/Downloads/MaintenanceTracker-1/apps/mobile
Starting Metro Bundler
The following packages should be updated for best compatibility with the installed expo version:
  expo-image-picker@15.0.7 - expected version: ~15.1.0
  typescript@5.8.3 - expected version: ~5.3.3
Your project may not work correctly until you install the expected versions of the packages.
▄▄▄▄▄▄▄▄▄▄▄▄▄▄▄▄▄▄▄▄▄▄▄▄▄▄▄
█ ▄▄▄▄▄ █▄▄▄ ▀ ██ █ ▄▄▄▄▄ █
█ █   █ ██▄▀ █  ▄▄█ █   █ █
█ █▄▄▄█ ██▀▄ ▄▀██▀█ █▄▄▄█ █
█▄▄▄▄▄▄▄█ ▀▄█ ▀▄▀ █▄▄▄▄▄▄▄█
█ ▄▀▄▄█▄▀▀▄▀█▄▀█▀ █▄█▀█▀▀▄█
██ ▄▀█▄▄▀█▄██▄▄▄▄ ▀███▄▀▀ █
█▀█▀▀▀ ▄▄▀▄ █▀█▄ █ ▄▀▀█▀ ██
█ ▄ ▄▀ ▄▄█▀██▀▄▀ ▄▀ ██▄▀  █
█▄█▄██▄▄▄ █  ▄▄ █ ▄▄▄  ▄▀▄█
█ ▄▄▄▄▄ ██ ▄▀▄  █ █▄█ ███ █
█ █   █ █ ▀▀▄ ▀█▄ ▄  ▄ █▀▀█
█ █▄▄▄█ █▀ █ ▀█▄ ▄█▀▀▄█   █
█▄▄▄▄▄▄▄█▄▄█▄██▄▄▄▄█▄▄███▄█

› Metro waiting on exp://192.168.1.153:8081
› Scan the QR code above with Expo Go (Android) or the Camera app (iOS)

› Web is waiting on http://localhost:8081

› Using Expo Go
› Press s │ switch to development build

› Press a │ open Android
› Press i │ open iOS simulator
› Press w │ open web

› Press j │ open debugger
› Press r │ reload app
› Press m │ toggle menu
› Press o │ open project code in your editor

› Press ? │ show all commands

Logs for your project will appear below. Press Ctrl+C to exit.
Error: EMFILE: too many open files, watch
    at FSEvent.FSWatcher._handle.onchange (node:internal/fs/watchers:207:21)
salmanmahmood@MacBookPro mobile % i
zsh: command not found: i
salmanmahmood@MacBookPro mobile % 
