Last login: Tue Jul 15 22:51:06 on ttys007
salmanmahmood@MacBookPro ~ % cd /Users/salmanmahmood/Downloads/MaintenanceTracker-1
salmanmahmood@MacBookPro MaintenanceTracker-1 % npm install -g @expo/cli
npm warn deprecated inflight@1.0.6: This module is not supported, and leaks memory. Do not use it. Check out lru-cache if you want a good and tested way to coalesce async requests by a key value, which is much more comprehensive and powerful.
npm warn deprecated rimraf@3.0.2: Rimraf versions prior to v4 are no longer supported
npm warn deprecated glob@7.2.3: Glob versions prior to v9 are no longer supported

changed 354 packages in 7s

52 packages are looking for funding
  run `npm fund` for details
salmanmahmood@MacBookPro MaintenanceTracker-1 % cd apps/mobile
salmanmahmood@MacBookPro mobile % npm install
npm error code ERESOLVE
npm error ERESOLVE unable to resolve dependency tree
npm error
npm error While resolving: maintenance-mobile@1.0.0
npm error Found: react@18.2.0
npm error node_modules/react
npm error   react@"18.2.0" from the root project
npm error   peer react@"^18.0.0" from react-native-web@0.19.13
npm error   node_modules/react-native-web
npm error     react-native-web@"~0.19.10" from the root project
npm error
npm error Could not resolve dependency:
npm error peer react@"^18.3.1" from react-dom@18.3.1
npm error node_modules/react-dom
npm error   peer react-dom@"^18.0.0" from react-native-web@0.19.13
npm error   node_modules/react-native-web
npm error     react-native-web@"~0.19.10" from the root project
npm error
npm error Fix the upstream dependency conflict, or retry
npm error this command with --force or --legacy-peer-deps
npm error to accept an incorrect (and potentially broken) dependency resolution.
npm error
npm error
npm error For a full report see:
npm error /Users/salmanmahmood/.npm/_logs/2025-07-16T03_04_12_718Z-eresolve-report.txt
npm error A complete log of this run can be found in: /Users/salmanmahmood/.npm/_logs/2025-07-16T03_04_12_718Z-debug-0.log
salmanmahmood@MacBookPro mobile % npm start

> maintenance-mobile@1.0.0 start
> expo start

WARNING: The legacy expo-cli does not support Node +17. Migrate to the new local Expo CLI: https://blog.expo.dev/the-new-expo-cli-f4250d8e3421.
┌───────────────────────────────────────────────────────────────────────────┐
│                                                                           │
│   The global expo-cli package has been deprecated.                        │
│                                                                           │
│   The new Expo CLI is now bundled in your project in the expo package.    │
│   Learn more: https://blog.expo.dev/the-new-expo-cli-f4250d8e3421.        │
│                                                                           │
│   To use the local CLI instead (recommended in SDK 46 and higher), run:   │
│   › npx expo <command>                                                    │
│                                                                           │
└───────────────────────────────────────────────────────────────────────────┘
Starting project at /Users/salmanmahmood/Downloads/MaintenanceTracker-1/apps/mobile
Unable to find expo in this project - have you run yarn / npm install yet?
salmanmahmood@MacBookPro mobile % 
